[00:55:56] [main/INFO]: Loading Minecraft 1.21.1 with Fabric Loader 0.18.4
[00:55:56] [main/INFO]: Loading 4 mods:
	- fabricloader 0.18.4
	   \-- mixinextras 0.5.0
	- java 21
	- minecraft 1.21.1
[00:55:56] [main/INFO]: SpongePowered MIXIN Subsystem Version=0.8.7 Source=file:/workspaces/legendary-funicular/servidor_minecraft/libraries/net/fabricmc/sponge-mixin/0.17.0+mixin.0.8.7/sponge-mixin-0.17.0+mixin.0.8.7.jar Service=Knot/Fabric Env=SERVER
[00:56:07] [main/ERROR]: Failed to load properties from file: server.properties
java.nio.file.NoSuchFileException: server.properties
	at java.base/sun.nio.fs.UnixException.translateToIOException(UnixException.java:92) ~[?:?]
	at java.base/sun.nio.fs.UnixException.rethrowAsIOException(UnixException.java:106) ~[?:?]
	at java.base/sun.nio.fs.UnixException.rethrowAsIOException(UnixException.java:111) ~[?:?]
	at java.base/sun.nio.fs.UnixFileSystemProvider.newByteChannel(UnixFileSystemProvider.java:261) ~[?:?]
	at java.base/java.nio.file.Files.newByteChannel(Files.java:380) ~[?:?]
	at java.base/java.nio.file.Files.newByteChannel(Files.java:432) ~[?:?]
	at java.base/java.nio.file.spi.FileSystemProvider.newInputStream(FileSystemProvider.java:420) ~[?:?]
	at java.base/java.nio.file.Files.newInputStream(Files.java:160) ~[?:?]
	at knot/net.minecraft.class_3808.method_16727(class_3808.java:62) [server-intermediary.jar:?]
	at knot/net.minecraft.class_3806.method_16714(class_3806.java:141) [server-intermediary.jar:?]
	at knot/net.minecraft.class_3807.<init>(class_3807.java:12) [server-intermediary.jar:?]
	at knot/net.minecraft.server.Main.main(Main.java:114) [server-intermediary.jar:?]
	at net.fabricmc.loader.impl.game.minecraft.MinecraftGameProvider.launch(MinecraftGameProvider.java:514) [fabric-loader-0.18.4.jar:?]
	at net.fabricmc.loader.impl.launch.knot.Knot.launch(Knot.java:72) [fabric-loader-0.18.4.jar:?]
	at net.fabricmc.loader.impl.launch.knot.KnotServer.main(KnotServer.java:23) [fabric-loader-0.18.4.jar:?]
	at net.fabricmc.loader.impl.launch.server.FabricServerLauncher.main(FabricServerLauncher.java:69) [fabric-loader-0.18.4.jar:?]
	at net.fabricmc.installer.ServerLauncher.main(ServerLauncher.java:69) [fabric-server-launch.jar:1.0.1]
[00:56:07] [main/INFO]: Environment: Environment[sessionHost=https://sessionserver.mojang.com, servicesHost=https://api.minecraftservices.com, name=PROD]
[00:56:09] [main/INFO]: No existing world data, creating new world
[00:56:11] [main/INFO]: Loaded 1290 recipes
[00:56:12] [main/INFO]: Loaded 1399 advancements
[00:56:12] [Server thread/INFO]: Starting minecraft server version 1.21.1
[00:56:12] [Server thread/INFO]: Loading properties
[00:56:12] [Server thread/INFO]: Default game type: SURVIVAL
[00:56:12] [Server thread/INFO]: Generating keypair
[00:56:13] [Server thread/INFO]: Starting Minecraft server on *:25565
[00:56:13] [Server thread/INFO]: Using epoll channel type
[00:56:13] [Server thread/INFO]: Preparing level "world"
[00:56:31] [Server thread/INFO]: Preparing start region for dimension minecraft:overworld
[00:56:31] [Worker-Main-1/INFO]: Preparing spawn area: 2%
[00:56:31] [Worker-Main-1/INFO]: Preparing spawn area: 2%
[00:56:32] [Worker-Main-1/INFO]: Preparing spawn area: 2%
[00:56:32] [Worker-Main-1/INFO]: Preparing spawn area: 2%
[00:56:33] [Worker-Main-1/INFO]: Preparing spawn area: 2%
[00:56:33] [Worker-Main-1/INFO]: Preparing spawn area: 2%
[00:56:34] [Worker-Main-1/INFO]: Preparing spawn area: 2%
[00:56:34] [Worker-Main-1/INFO]: Preparing spawn area: 2%
[00:56:35] [Worker-Main-1/INFO]: Preparing spawn area: 2%
[00:56:35] [Worker-Main-1/INFO]: Preparing spawn area: 2%
[00:56:36] [Worker-Main-1/INFO]: Preparing spawn area: 2%
[00:56:36] [Worker-Main-1/INFO]: Preparing spawn area: 2%
[00:56:37] [Worker-Main-1/INFO]: Preparing spawn area: 2%
[00:56:37] [Worker-Main-1/INFO]: Preparing spawn area: 2%
[00:56:38] [Worker-Main-1/INFO]: Preparing spawn area: 2%
[00:56:38] [Worker-Main-1/INFO]: Preparing spawn area: 2%
[00:56:39] [Worker-Main-1/INFO]: Preparing spawn area: 2%
[00:56:39] [Worker-Main-1/INFO]: Preparing spawn area: 2%
[00:56:40] [Worker-Main-1/INFO]: Preparing spawn area: 2%
[00:56:40] [Worker-Main-1/INFO]: Preparing spawn area: 2%
[00:56:41] [Worker-Main-1/INFO]: Preparing spawn area: 2%
[00:56:41] [Worker-Main-1/INFO]: Preparing spawn area: 2%
[00:56:42] [Worker-Main-1/INFO]: Preparing spawn area: 57%
[00:56:42] [Worker-Main-1/INFO]: Preparing spawn area: 59%
[00:56:43] [Server thread/INFO]: Time elapsed: 11850 ms
[00:56:43] [Server thread/INFO]: Done (29.611s)! For help, type "help"
[00:57:11] [Server thread/INFO]: Stopping the server
[00:57:11] [Server thread/INFO]: Stopping server
[00:57:11] [Server thread/INFO]: Saving players
[00:57:11] [Server thread/INFO]: Saving worlds
[00:57:13] [Server thread/INFO]: Saving chunks for level 'ServerLevel[world]'/minecraft:overworld
[00:57:14] [Server thread/INFO]: Saving chunks for level 'ServerLevel[world]'/minecraft:the_end
[00:57:14] [Server thread/INFO]: Saving chunks for level 'ServerLevel[world]'/minecraft:the_nether
[00:57:14] [Server thread/INFO]: ThreadedAnvilChunkStorage (world): All chunks are saved
[00:57:14] [Server thread/INFO]: ThreadedAnvilChunkStorage (DIM1): All chunks are saved
[00:57:14] [Server thread/INFO]: ThreadedAnvilChunkStorage (DIM-1): All chunks are saved
[00:57:14] [Server thread/INFO]: ThreadedAnvilChunkStorage: All dimensions are saved
